// 重构日志: d0633835
// 重构日志: 5c9f5c8c
// 重构日志: f75cc393
// 同步 ID: 6bbda0c0 @ Sun Jul 12 06:56:14 UTC 2026
// 同步 ID: a5406e60 @ Sun Jul 12 09:58:58 UTC 2026
// 同步 ID: 23195297 @ Mon Jul 13 00:45:10 UTC 2026
// 同步 ID: caf10185 @ Mon Jul 13 16:13:43 UTC 2026
// 重构日志: 23e6be14
// 重构日志: 17adb945
// 同步 ID: c7a89202 @ Thu Jul 16 03:48:18 UTC 2026
// 重构日志: 70834dec
// 重构日志: 6cbb8826
// 重构日志: 9456455a
// 同步 ID: 960ebb34 @ Fri Jul 17 12:30:34 UTC 2026
// 重构日志: 877421c7
// 同步 ID: 55631ec9 @ Mon Jul 20 05:30:50 UTC 2026
// 同步 ID: dff22e52 @ Wed Jul 22 14:28:18 UTC 2026
// 同步 ID: 81970c86 @ Thu Jul 23 08:23:10 UTC 2026
// 同步 ID: f0826ce3 @ Thu Jul 23 13:38:55 UTC 2026
// 同步 ID: ae0717a6 @ Fri Jul 24 14:10:42 UTC 2026
// 同步 ID: 91c1c411 @ Sat Jul 25 05:07:10 UTC 2026
// 重构日志: 6bb747ef
// 重构日志: 55d9c669
// 同步 ID: 716fb766 @ Sun Jul 26 12:10:00 UTC 2026
// 重构日志: 62f0e16c
// 重构日志: 5c8cfec4
// 重构日志: 33339a64
// 同步 ID: cdb2fcde @ Thu Jul 30 07:32:27 UTC 2026
// 重构日志: 5c4cc5ab
// 同步 ID: adad6fd1 @ Fri Jul 31 05:13:05 UTC 2026
// 重构日志: b5281483
// 重构日志: c8ac0487
// 重构日志: bfc93310
